## Step1: yum安装vsftpd
[root@frontend data]# yum install -y vsftpd.x86_64

## Step2: 修改vsftpd配置文件,启动服务
[root@frontend ~]# ll /etc/vsftpd/ | awk '{print $9}' | grep -v "^$"
chroot_list
ftpusers
user_list
vsftpd.conf
vsftpd.conf.bak
vsftpd_conf_migrate.sh

# 添加禁用用户
[root@frontend vsftpd]# cat > ftpusers << EOF
# Users that are not allowed to login via ftp
root
bin
daemon
adm
lp
sync
shutdown
halt
mail
news
uucp
operator
games
nobody
EOF

[root@frontend vsftpd]# cat  > user_list  << EOF
# vsftpd userlist
# If userlist_deny=NO, only allow users in this file
# If userlist_deny=YES (default), never allow users in this file, and
# do not even prompt for a password.
# Note that the default vsftpd pam config also checks /etc/vsftpd/ftpusers
# for users that are denied.
root
bin
daemon
adm
lp
sync
shutdown
halt
mail
news
uucp
operator
games
nobody
EOF

[root@frontend vsftpd]# cat > vsftpd.conf << EOF
anonymous_enable=NO
local_enable=YES
write_enable=YES
local_umask=077
anon_upload_enable=NO
anon_mkdir_write_enable=NO
dirmessage_enable=YES
xferlog_enable=YES
connect_from_port_20=YES
xferlog_std_format=YES
chroot_local_user=YES
chroot_list_enable=YES
chroot_list_file=/etc/vsftpd/chroot_list
listen=YES
pam_service_name=vsftpd
userlist_enable=YES
tcp_wrappers=YES

pasv_max_port=10100
pasv_min_port=10050
EOF

# 开启服务
[root@frontend vsftpd]# systemctl enable vsftpd
[root@frontend vsftpd]# systemctl start  vsftpd

## Step3: 启动防火墙并添加防火墙例外

[root@frontend vsftpd]# systemctl enable firewalld
[root@frontend vsftpd]# systemctl start  firewalld
# 开启ftp的命令传输端口(默认21)
[root@frontend vsftpd]# iptables -I INPUT -p tcp --dport 21 -j ACCEPT
# 开启ftp数据传输端口(${pasv_min_port}~${pasv_max_port})
[root@frontend vsftpd]# iptables -I INPUT -p tcp --dport 10050:10100 -j ACCEPT

## Step4: 创建系统用户,共享目录(用户home目录),目录赋访问权限，chroot,详细参考下述脚本.

<bash>
#!/bin/bash
# Author  guojy
# Date    206/09/27
# Email   guojingyu@zzidc.com

# Params:
# ${1} ftp user
LOCAL_FTP_DIR="/data/"
VSFTP_CHROOT_LIST="/etc/vsftpd/chroot_list"

useradd -b ${LOCAL_FTP_DIR} \
        -c "ftp user ${1}" -m \
        -s /sbin/nologin ${1}
echo ${1} | passwd --stdin ${1}
chown ${1} ${LOCAL_FTP_DIR}${1}
chmod 700  ${LOCAL_FTP_DIR}${1}
echo ${1} >> ${VSFTP_CHROOT_LIST}
</bash>

# 使用脚本创建ftp用户以及共享目录(无需重启vsftp)
[root@frontend ~]# sh add_ftp_user wzc

## Step5: 测试使用ftp服务
[root@my-pc image]# sh /opt/scripts/image/sync_image ftp://wzc:wzc@10.160.0.154/ deepin-amd64.iso /data/image/
/data/image/deepin-amd64.iso
  % Total    % Received % Xferd  Average Speed   Time    Time     Time  Current
                                 Dload  Upload   Total   Spent    Left  Speed
  0     0    0    76    0     0   1431      0 --:--:-- --:--:-- --:--:--  1461
--2016-09-27 21:40:08--  ftp://wzc:*password*@10.160.0.154/deepin-amd64.iso
           => ‘/data/image/deepin-amd64.iso’
Connecting to 10.160.0.154:21... connected.
Logging in as wzc ... Logged in!
==> SYST ... done.    ==> PWD ... done.
==> TYPE I ... done.  ==> CWD not needed.
==> SIZE deepin-amd64.iso ... 2070216704
==> PASV ... done.    ==> RETR deepin-amd64.iso ... done.
Length: 2070216704 (1.9G) (unauthoritative)
....
