[root@www ~]# tgtadm --help
Linux SCSI Target administration utility, version 1.0.55

Usage: tgtadm [OPTION]

# 新加target,可以暂不提供backing-store
# 后期将target与backing-store关联即可
--lld <driver> --mode target --op new --tid <id> --targetname <name>
	add a new target with <id> and <name>. <id> must not be zero.
<code>
[root@www ~]# tgtadm --lld iscsi \
				     --mode target \
				     --op new \
				     --tid 4 \
				     --targetname iqn.2016-05.com.server:disk4

[root@www ~]# tgtadm --lld iscsi \
					 --mode target \
					 --op show
...略去 Target(1-3)...
Target 4: iqn.2016-05.com.server:disk4
    System information:
        Driver: iscsi
        State: ready
    I_T nexus information:
    LUN information:
        LUN: 0
            Type: controller
            SCSI ID: IET     00040000
            SCSI SN: beaf40
            Size: 0 MB, Block size: 1
            Online: Yes
            Removable media: No
            Prevent removal: No
            Readonly: No
            SWP: No
            Thin-provisioning: No
            Backing store type: null
            Backing store path: None
            Backing store flags:
    Account information:
    ACL information:
</code>

# 删除target
--lld <driver> --mode target --op delete [--force] --tid <id>
	delete the specific target with <id>.
	With force option, the specific target is deleted
	even if there is an activity.
<code>
[root@www ~]# tgtadm --lld iscsi --mode target --op new --tid 5 --targetname iqn.2016-05.com.server:disk5
[root@www ~]# tgtadm --lld iscsi --mode target --op delete --tid 5 --force
<code>

# 列出(target(s)
--lld <driver> --mode target --op show
	show all the targets.
<code>
[root@www ~]# tgtadm --lld iscsi --mode target --op show > targets
(输出结果参考targets文件)
</code>

# 按id查看target details
--lld <driver> --mode target --op show --tid <id>
	show the specific target's parameters.
<code>
[root@www ~]# tgtadm --lld iscsi --mode target --op show  --tid 4
MaxRecvDataSegmentLength=8192
HeaderDigest=None
DataDigest=None
InitialR2T=Yes
MaxOutstandingR2T=1
ImmediateData=Yes
FirstBurstLength=65536
MaxBurstLength=262144
DataPDUInOrder=Yes
DataSequenceInOrder=Yes
ErrorRecoveryLevel=0
IFMarker=No
OFMarker=No
DefaultTime2Wait=2
DefaultTime2Retain=20
OFMarkInt=Reject
IFMarkInt=Reject
MaxConnections=1
RDMAExtensions=Yes
TargetRecvDataSegmentLength=262144
InitiatorRecvDataSegmentLength=262144
MaxOutstandingUnexpectedPDUs=0
MaxXmitDataSegmentLength=8192
MaxQueueCmd=128
</code>

# 修改target属性
--lld <driver> --mode target --op update --tid <id> --name <param> --value <value>
	change the target parameters of the target with <id>.
<code>
[root@www ~]# tgtadm --lld iscsi --mode target --op update  --tid 4 --name MaxRecvDataSegmentLength --value 4096 
[root@www ~]# tgtadm --lld iscsi --mode target --op show  --tid 4 | grep MaxRecvDataSegmentLength
MaxRecvDataSegmentLength=4096
</code>

# 绑定客户端ip
--lld <driver> --mode target --op bind --tid <id> --initiator-address <address>
<code>
[root@www ~]# tgtadm --lld iscsi \
					 --mode target  \ 
					 --op bind \
					 --tid 4 \
					 --initiator-address 10.160.0.140

[root@www ~]# tgtadm --lld iscsi \
					 --mode target \
					 --op show
...略去 Target(1-3)...
Target 4: iqn.2016-05.com.server:disk4
    System information:
        Driver: iscsi
        State: ready
    I_T nexus information:
    LUN information:
        LUN: 0
            Type: controller
            SCSI ID: IET     00040000
            SCSI SN: beaf40
            Size: 0 MB, Block size: 1
            Online: Yes
            Removable media: No
            Prevent removal: No
            Readonly: No
            SWP: No
            Thin-provisioning: No
            Backing store type: null
            Backing store path: None
            Backing store flags: 
    Account information:
    ACL information:
        10.160.0.140
</code>

# 按域名将某客户机添加到ACL(当前主机必须得能够解析出该域名对应ip)
--lld <driver> --mode target --op bind --tid <id> --initiator-name <name>
	enable the target to accept the specific initiators.
<code>
[root@www ~]# tgtadm --lld iscsi \
					 --mode target \
					 --op bind \
					 --initiator-name www.comp130.com \
					 --tid 4

[root@www ~]# tgtadm --lld iscsi \
					 --mode target \
					 --op show
...略去 Target(1-3)...
Target 4: iqn.2016-05.com.server:disk4
    System information:
        Driver: iscsi
        State: ready
    I_T nexus information:
    LUN information:
        LUN: 0
            Type: controller
            SCSI ID: IET     00040000
            SCSI SN: beaf40
            Size: 0 MB, Block size: 1
            Online: Yes
            Removable media: No
            Prevent removal: No
            Readonly: No
            SWP: No
            Thin-provisioning: No
            Backing store type: null
            Backing store path: None
            Backing store flags: 
    Account information:
    ACL information:
        10.160.0.140
        www.comp130.com
</code>

# 按ip将某客户机移出ACL
--lld <driver> --mode target --op unbind --tid <id> --initiator-address <address>
<code>
[root@www ~]# tgtadm --lld iscsi \
				     --mode target  \
				     --op unbind \
				     --tid 4 \
				     --initiator-address 10.160.0.140
</code>
# 按域名将某客户机移出ACL
--lld <driver> --mode target --op unbind --tid <id> --initiator-name <name>
	disable the specific permitted initiators.
<code>
[root@www ~]# tgtadm --lld iscsi \
				     --mode target  \
				     --op unbind \
				     --tid 4 \
				     --initiator-name www.comp130.com
</code>

# 为空target设置lun,配backing-store设置其他的参数
# 此处path指定块设备路径(涵 raid,lvm,raw),那么块设备有哪些呢?
--lld <driver> --mode logicalunit --op new --tid <id> --lun <lun>
  --backing-store <path> --bstype <type> --bsopts <bs options> --bsoflags <options>
	add a new logical unit with <lun> to the specific
	target with <id>. The logical unit is offered
	to the initiators. <path> must be block device files
	(including LVM and RAID devices) or regular files.
	bstype option is optional.
	bsopts are specific to the bstype.
	bsoflags supported options are sync and direct
	(sync:direct for both).
<code>
[root@www ~]# tgtadm --lld iscsi \
					 --mode target \
					 --op new \
					 --tid 4 \
					 --targetname iqn.2016-05.com.server:disk4

[root@www ~]# tgtadm --lld iscsi \
					 --mode logicalunit \
					 --op new  \
					 --tid 4 \
					 --lun 3 \
					 --backing-store /dev/sdd \
					 --bsoflags direct \
					 --bstype rdwr

[root@www ~]# tgtadm --lld iscsi \
					 --mode target \
					 --op show
...
Target 4: iqn.2016-05.com.server:disk4
    System information:
        Driver: iscsi
        State: ready
    I_T nexus information:
    LUN information:
        LUN: 0
            Type: controller
            SCSI ID: IET     00040000
            SCSI SN: beaf40
            Size: 0 MB, Block size: 1
            Online: Yes
            Removable media: No
            Prevent removal: No
            Readonly: No
            SWP: No
            Thin-provisioning: No
            Backing store type: null
            Backing store path: None
            Backing store flags: 
        LUN: 3
            Type: disk
            SCSI ID: IET     00040003
            SCSI SN: beaf43
            Size: 10737 MB, Block size: 512
            Online: Yes
            Removable media: No
            Prevent removal: No
            Readonly: No
            SWP: No
            Thin-provisioning: No
            Backing store type: rdwr
            Backing store path: /dev/sdd
            Backing store flags: direct
    Account information:
    ACL information:
</code>

# 删除 lun
--lld <driver> --mode logicalunit --op delete --tid <id> --lun <lun>
	delete the specific logical unit with <lun> that
	the target with <id> has.
<code>
[root@www ~]# tgtadm --lld iscsi \
					 --mode logicalunit \
					 --op delete \
					 --tid 4 \
					 --lun 3
</code>

# 账户管理:添加账户
--lld <driver> --mode account --op new --user <name> --password <pass>
	add a new account with <name> and <pass>.
<code>
[root@www ~]# tgtadm --lld iscsi \
					 --mode account \
					 --op new \
					 --user maorunzhi \
					 --password maorunzhi

[root@www ~]# tgtadm --lld iscsi \
					 --mode account \
					 --op show
Account list:
    maorunzhi
    tom
    guojingyu
</code>


# 账户管理:删除账户
--lld <driver> --mode account --op delete --user <name>
	delete the specific account having <name>.
<code>
[root@www ~]# tgtadm --lld iscsi \
					 --mode account \
					 --op delete \
					 --user maorunzhi
</code>

# 账户管理:绑定账户到指定target;
# outgoing选项作用未知!!!???
--lld <driver> --mode account --op bind --tid <id> --user <name> [--outgoing]
	add the specific account having <name> to
	the specific target with <id>.
	<user> could be <IncomingUser> or <OutgoingUser>.
	If you use --outgoing option, the account will
	be added as an outgoing account.
<code>
[root@www ~]# tgtadm --lld iscsi \
					 --mode account \
					 --op bind \
					 --tid 4 \
					 --user maorunzhi


[root@www ~]# tgtadm --lld iscsi \
					 --mode target \
					 --op show
...
Target 4: iqn.2016-05.com.server:disk4
    System information:
        Driver: iscsi
        State: ready
    I_T nexus information:
    LUN information:
        LUN: 0
            Type: controller
            SCSI ID: IET     00040000
            SCSI SN: beaf40
            Size: 0 MB, Block size: 1
            Online: Yes
            Removable media: No
            Prevent removal: No
            Readonly: No
            SWP: No
            Thin-provisioning: No
            Backing store type: null
            Backing store path: None
            Backing store flags: 
        LUN: 3
            Type: disk
            SCSI ID: IET     00040003
            SCSI SN: beaf43
            Size: 10737 MB, Block size: 512
            Online: Yes
            Removable media: No
            Prevent removal: No
            Readonly: No
            SWP: No
            Thin-provisioning: No
            Backing store type: rdwr
            Backing store path: /dev/sdd
            Backing store flags: direct
    Account information:
        maorunzhi
    ACL information:
</code>

# 解除target与账户的绑定
--lld <driver> --mode account --op unbind --tid <id> --user <name> [--outgoing]
	delete the specific account having <name> from specific
	target. The --outgoing option must be added if you
	delete an outgoing account.
<code>
[root@www ~]# tgtadm --lld iscsi \
					 --mode account \
					 --op unbind \
					 --tid 4 \
					 --user maorunzhi
</code>
# 作用未知!!
--lld <driver> --mode lld --op start
	Start the specified lld without restarting the tgtd process.
<code>
[root@www ~]# tgtadm --lld iscsi \
					 --mode lld \
					 --op start
</code>
# 作用未知!!
--control-port <port> use control port <port>
<code>
[root@www ~]# lsof -i:3260
COMMAND  PID USER   FD   TYPE DEVICE SIZE/OFF NODE NAME
tgtd    1401 root    6u  IPv4    728      0t0  TCP *:iscsi-target (LISTEN)
tgtd    1401 root    7u  IPv6    729      0t0  TCP *:iscsi-target (LISTEN)
</code>
--help
	display this help and exit

测试:
[root@www ~]# tgtadm --lld iscsi --op show --mode target > targets
[root@www ~]# tgtadm --lld iscsi --op show --mode account
Account list:
    tom
    guojingyu

另外 man tgtadm 发现更多惊喜!!!
(1) device_type
(2) ...



